--- TRACEBACK ---
Traceback (most recent call last):
  File "C:\Users\udemy\PycharmProjects\FASTAPI\TodoApp\routers\auth.py", line 76, in render_login_page
    resp = templates.TemplateResponse("login.html", {"request": request})
  File "C:\Users\udemy\PycharmProjects\FASTAPI\.venv\Lib\site-packages\starlette\templating.py", line 148, in TemplateResponse
    template = self.get_template(name)
  File "C:\Users\udemy\PycharmProjects\FASTAPI\.venv\Lib\site-packages\starlette\templating.py", line 115, in get_template
    return self.env.get_template(name)
           ~~~~~~~~~~~~~~~~~~~~~^^^^^^
  File "C:\Users\udemy\PycharmProjects\FASTAPI\.venv\Lib\site-packages\jinja2\environment.py", line 1016, in get_template
    return self._load_template(name, globals)
           ~~~~~~~~~~~~~~~~~~~^^^^^^^^^^^^^^^
  File "C:\Users\udemy\PycharmProjects\FASTAPI\.venv\Lib\site-packages\jinja2\environment.py", line 964, in _load_template
    template = self.cache.get(cache_key)
  File "C:\Users\udemy\PycharmProjects\FASTAPI\.venv\Lib\site-packages\jinja2\utils.py", line 477, in get
    return self[key]
           ~~~~^^^^^
  File "C:\Users\udemy\PycharmProjects\FASTAPI\.venv\Lib\site-packages\jinja2\utils.py", line 515, in __getitem__
    rv = self._mapping[key]
         ~~~~~~~~~~~~~^^^^^
TypeError: cannot use 'tuple' as a dict key (unhashable type: 'dict')

--- TEMPLATE SOURCE (login.html) ---
Could not read template source: 'Jinja2Templates' object has no attribute 'directory'